@ @</w>
t h
r @@</w>
e @@</w>
n @@</w>
i @@</w>
c @@</w>
t @@</w>
th e</w>
a @@</w>
s @@</w>
p @@</w>
o @@</w>
a n
i n
u @@</w>
l @@</w>
d @@</w>
an d</w>
m @@</w>
g @@</w>
o f</w>
e d</w>
i s</w>
t o</w>
o n</w>
in g</w>
i n</w>
t i
e r</w>
e r@@</w>
e r
b @@</w>
o r
e s</w>
o u
o r</w>
a r
h @@</w>
v @@</w>
f @@</w>
a t</w>
e n
a r@@</w>
i n@@</w>
o n
i t
e n@@</w>
l l</w>
r e@@</w>
a n@@</w>
h a
e n</w>
o r@@</w>
e s
o u</w>
i c
e s@@</w>
o t</w>
a n</w>
c o
f or</w>
s t@@</w>
y ou</w>
ti on</w>
o n@@</w>
p r@@</w>
w @@</w>
a l@@</w>
i t</w>
a t
a l</w>
a s</w>
v e</w>
w h
s e</w>
k @@</w>
l y</w>
l e</w>
th at</w>
e c@@</w>
c e</w>
t i@@</w>
en t</w>
ar e</w>
a t@@</w>
t s</w>
th is</w>
s t</w>
th e
b e</w>
y @@</w>
h o
m e</w>
a y</w>
q u
f r
@ -
@- @</w>
l i@@</w>
it h</w>
l d</w>
er s</w>
o m</w>
a p
ou r</w>
0 @@</w>
w ith</w>
2 @@</w>
w or
u r@@</w>
o s</w>
a c@@</w>
l e@@</w>
es s</w>
qu ot</w>
i c@@</w>
s t
co m
a tion</w>
j @@</w>
o u@@</w>
e t</w>
l a@@</w>
i t@@</w>
l o@@</w>
er e</w>
d i
e v@@</w>
ti on
a l
s i@@</w>
fr om</w>
1 @@</w>
th @@</w>
t h</w>
x @@</w>
r i@@</w>
d s</w>
f or
d i@@</w>
ap os</w>
a ll</w>
b y</w>
u n@@</w>
s p@@</w>
b e@@</w>
b e
s ed</w>
o p@@</w>
c h</w>
y our</w>
the y</w>
w i
n ot</w>
l o
s ha
n e@@</w>
ic h</w>
co m@@</w>
c an</w>
ou t</w>
h o@@</w>
g e</w>
wh ich</w>
t er</w>
on e</w>
e e</w>
d ing</w>
b le</w>
s p
b u
d e</w>
ha ve</w>
f or@@</w>
sha ll</w>
tion s</w>
f i
o w
it y</w>
e v
a r</w>
u p
o d</w>
wi ll</w>
s h
p r
m ent</w>
2 4</w>
th er</w>
m e@@</w>
m a@@</w>
u r
o m@@</w>
er y</w>
l u@@</w>
o p
l i
i f</w>
es t</w>
o f
h e</w>
ou ld</w>
i r</w>
en ts</w>
m s</w>
m i@@</w>
u n
un to</w>
h t</w>
f i@@</w>
1 24</w>
h e@@</w>
d at
an y</w>
m y</w>
in g
ing s</w>
z @@</w>
s o</w>
s e@@</w>
pr ess</w>
g ht</w>
e c
3 @@</w>
w e</w>
s h</w>
m i
a p@@</w>
9 @@</w>
t ed</w>
e l</w>
a ge</w>
u s
s h@@</w>
q u@@</w>
k e</w>
b u@@</w>
u se</w>
h a@@</w>
c a@@</w>
at ed</w>
r i
t e</w>
ou n@@</w>
l s</w>
for e</w>
l a
a in</w>
m ents</w>
at e</w>
o w</w>
h i@@</w>
6 @@</w>
the ir</w>
th ere</w>
y e
s i
h is</w>
c a
wor k</w>
v er</w>
s it
sit es</w>
f a@@</w>
com p@@</w>
bu t</w>
w as</w>
u s@@</w>
in e</w>
t o@@</w>
or e</w>
o w@@</w>
n ow</w>
ic ec
icec at</w>
d er</w>
d ay</w>
s a@@</w>
k s</w>
s on</w>
m er
mer ce</w>
l ed</w>
ic e</w>
ev en</w>
com merce</w>
v er@@</w>
u st</w>
ou n
oun d</w>
or s</w>
ha s</w>
fr ee</w>
e commerce</w>
d ed</w>
w h@@</w>
s e
o ther</w>
m ay</w>
l es</w>
h i
u p@@</w>
n e
ne w</w>
k ing</w>
f r@@</w>
y st
w i@@</w>
us ing</w>
t w
t ing</w>
s yst
op en</w>
m ore</w>
m any</w>
er e
ere fore</w>
a m</w>
8 @@</w>
y e</w>
ti me</w>
d o</w>
st ri
in ce</w>
g od</w>
di stri
com p
ar y</w>
an t</w>
u ch</w>
s o
l u
dat a</w>
th ings</w>
si on</w>
lo a
l ic@@</w>
al so</w>
o se</w>
l and</w>
d ow
a ke</w>
w ere</w>
w e@@</w>
n ing</w>
l ic
g o@@</w>
es e</w>
b out</w>
ap ar
a bout</w>
p s</w>
distri bu
apar t
a sed</w>
a ble</w>
y s</w>
wh erefore</w>
up on</w>
t c</w>
or d</w>
it s</w>
in s</w>
ho w</w>
g o
a c
0 0</w>
u sed</w>
on ly</w>
l ord</w>
e tc</w>
wor d
word press</w>
u s</w>
the m</w>
th ou</w>
th ese</w>
an ce</w>
a ch</w>
ur e</w>
u l</w>
ti c</w>
so me</w>
m e
in to</w>
hi m</w>
di z</w>
ar t</w>
ti ve</w>
syst e
syste ms</w>
sp ain</w>
s ince</w>
r st</w>
p e
pe op
peop le</w>
on s</w>
n o</w>
li sh</w>
fi rst</w>
c al
t y</w>
p or
por t</w>
m es</w>
m ation</w>
m an</w>
i al</w>
ha d</w>
en d</w>
be en</w>
sh ould</w>
s it@@</w>
r e</w>
ow n</w>
h ere</w>
g al</w>
ca diz</w>
b ased</w>
ye a</w>
w ould</w>
v ery</w>
u p</w>
lo c
loc ated</w>
in for
infor mation</w>
ho ld</w>
g lish</w>
g et</w>
f a
en glish</w>
ar d</w>
wh o</w>
up dat
r ec@@</w>
o st</w>
n ess</w>
i es</w>
f f@@</w>
be hold</w>
an ds</w>
tw are</w>
th e@@</w>
s of
sof tware</w>
or der</w>
n a</w>
li day</w>
l a</w>
ho liday</w>
fi le</w>
f ul</w>
a ys</w>
wh en</w>
w ay</w>
ur c
t ors</w>
p urc
on g</w>
m ust</w>
m ost</w>
m en</w>
m b@@</w>
la st</w>
in c@@</w>
g o</w>
fi les</w>
f f
v ing</w>
st a
sta ti
purc ha
purcha se</w>
p re@@</w>
p or@@</w>
of f@@</w>
me di
medi a</w>
m er@@</w>
loa ding</w>
a se</w>
w or@@</w>
w e
we ll</w>
tion ary</w>
ou g
oug h</w>
o f@@</w>
m b
mb er</w>
m age</w>
it e</w>
ic tionary</w>
i ve</w>
i mage</w>
en ce</w>
d ictionary</w>
d at@@</w>
ca use</w>
a tions</w>
x press</w>
wor ld</w>
stati s
statis tic</w>
sp s</w>
sh e
she et</w>
r e
re at</w>
p h
ph p</w>
n loading</w>
l ine</w>
i son</w>
ho ps</w>
go od</w>
g reat</w>
f e</w>
es hops</w>
dow nloading</w>
distribu tors</w>
comp ar
compar ison</w>
co me</w>
al ly</w>
a sps</w>
wh at</w>
w s</w>
th y</w>
s uch</w>
p h@@</w>
or ding</w>
of f
off ers</w>
o ver</w>
in g@@</w>
ev ery</w>
c ording</w>
c ity</w>
apart ments</w>
ac cording</w>
v es</w>
v al
tion al</w>
th ing</w>
t o
s a</w>
qu ar
quar k
quark xpress</w>
mi ght</w>
l d@@</w>
ho t@@</w>
g es</w>
d ow@@</w>
c al@@</w>
be cause</w>
ar s</w>
a d</w>
v en</w>
us ers</w>
ti es</w>
t en</w>
s ee</w>
r ent</w>
in d</w>
ic es</w>
i d</w>
f ter</w>
a fter</w>
1 9</w>
, @@</w>
v er
ver sion</w>
ur es</w>
u m</w>
t t@@</w>
t ent</w>
sp i
s s</w>
ri ght</w>
m uch</w>
lic en@@</w>
lic en
licen se</w>
l na</w>
ff er
ffer ent</w>
di fferent</w>
d lna</w>
d en</w>
an sa</w>
a v@@</w>
wor ds</w>
u ter</w>
th ansa</w>
t ly</w>
sh ed</w>
se l
sel f</w>
ou s</w>
on tent</w>
o th</w>
lu f
luf thansa</w>
k now</w>
d ays</w>
comp uter</w>
cal led</w>
c ontent</w>
ar ound</w>
a v
x t</w>
u te</w>
tw o</w>
t ake</w>
spi r
spir it</w>
se l@@</w>
s et</w>
s a
sa me</w>
r ee</w>
r ec
n al</w>
m in@@</w>
lu ded</w>
li ke</w>
la ble</w>
in ed</w>
i lable</w>
i a</w>
er e@@</w>
av a
ava ilable</w>
wor ks</w>
wi th
with out</w>
w in
win dow
window s</w>
updat es
updates t
updatest ar</w>
th ose</w>
th an</w>
sp on
p le</w>
p e@@</w>
p age</w>
on al</w>
m ine</w>
m a
ma de</w>
la w</w>
l et</w>
l ation</w>
k et</w>
in c
inc luded</w>
i le</w>
ha ving</w>
d a</w>
be fore</w>
at or</w>
an s</w>
7 @@</w>
v ed</w>
th r
thr ough</w>
t ure</w>
t a</w>
si ble</w>
s d</w>
pr e
pre mi
premi um</w>
p sd</w>
p ow
pow er</w>
mi ly</w>
mi gal</w>
loa d</w>
k er</w>
i ven</w>
i c</w>
ho t
ha th</w>
g iven</w>
for migal</w>
fa mily</w>
di tion</w>
c tion</w>
b oth</w>
apart ment</w>
a st</w>
a k</w>
a da</w>
5 @@</w>
4 @@</w>
1 1</w>
ye ars</w>
y ing</w>
th en</w>
spon s
sha l
shal t</w>
rec e
rece ive</w>
r est</w>
r ands</w>
m ong</w>
m ake</w>
j ust</w>
i sh</w>
i an</w>
hot e
hote ls</w>
for ev
forev er</w>
fa ce</w>
f ind</w>
distribu tion</w>
cal a</w>
c ket</w>
c ial</w>
b rands</w>
al s</w>
ac t</w>
a mong</w>
a mes</w>
w at
wat ers</w>
up port</w>
t w@@</w>
t t
tt ery</w>
t ers</w>
st ing</w>
spons or
sponsor ing</w>
s upport</w>
r en</w>
p art</w>
n or</w>
n er</w>
m in
min ute</w>
lo ttery</w>
l p</w>
l e
le gal</w>
l d
ld ren</w>
ho ose</w>
ho ly</w>
hi ldren</w>
h e
he lp</w>
go ds</w>
c hoose</w>
c hildren</w>
be ach</w>
1 5</w>
ye ar</w>
wh ile</w>
val u
valu e</w>
updat es</w>
to o
too l</w>
ti on@@</w>
syst e@@</w>
st a</w>
s ay</w>
c t</w>
c a</w>
at h</w>
w ing</w>
lo a@@</w>
t es</w>
s ts</w>
p e</w>
lo c@@</w>
val u@@</w>
to o@@</w>
s om@@</w>
w in@@</w>
w at@@</w>
so f@@</w>
me di@@</w>
ä @@</w>
wor d@@</w>
w er</w>
th r@@</w>
sh a@@</w>
se ar
sear ch</w>
ic ation</w>
ff er@@</w>
up dat@@</w>
qu ar@@</w>
lu f@@</w>
i shed</w>
- @@</w>
ü @@</w>
wi th@@</w>
v al@@</w>
r es</w>
r ed</w>
distri bu@@</w>
á @@</w>
y st@@</w>
st a@@</w>
sh e@@</w>
se ar@@</w>
ou g@@</w>
y e@@</w>
st ri@@</w>
rec e@@</w>
p ow@@</w>
in for@@</w>
ap ar@@</w>
õ @@</w>
ñ @@</w>
í @@</w>
stati s@@</w>
spon s@@</w>
spi r@@</w>
q @@</w>
å @@</w>
à @@</w>
ß @@</w>
spons or@@</w>
purc ha@@</w>
hot e@@</w>
comp ar@@</w>
av a@@</w>
apar t@@</w>
